I'm sorry, but errors were detected in your script. Please correct the
errors listed below, and try again.


File "game/turn.rpy", line 252: invalid syntax
        imagebutton:
    

Ren'Py Version: Ren'Py 8.0.3.22090809
Sun Apr 16 14:04:09 2023
